2026-3-17 23:14:03 - log: Load engine in C:\ProgramData\cocos\editors\Creator\3.8.4\resources\resources\3d\engine
2026-3-17 23:14:03 - log: Profile changed: engine (modules.includeModules: 2d,animation,audio,base,custom-pipeline,dragon-bones,gfx-webgl,gfx-webgl2,intersection-2d,particle-2d,physics-2d-box2d,profiler,spine,tiled-map,tween,ui,video,webview)
2026-3-17 23:14:03 - log: Register native engine in C:\ProgramData\cocos\editors\Creator\3.8.4\resources\resources\3d\engine\native
2026-3-17 23:14:04 - log: Request namespace: device-list
2026-3-17 23:14:29 - log: [Scene] meshopt wasm decoder initialized
2026-3-17 23:14:29 - log: [Scene] [box2d]:box2d wasm lib loaded.
2026-3-17 23:14:29 - log: [Scene] [bullet]:bullet wasm lib loaded.
2026-3-17 23:14:29 - log: [Scene] [PHYSICS]: using builtin.
2026-3-17 23:14:30 - log: [Scene] Cocos Creator v3.8.4
2026-3-17 23:14:30 - log: [Scene] Using custom pipeline: Builtin
2026-3-17 23:14:31 - log: [Scene] [PHYSICS2D]: switch from box2d-wasm to box2d.
2026-3-17 23:39:23 - warn: [Scene] You are trying to destroy a object twice or more.Error: [Scene] You are trying to destroy a object twice or more.
    at console.warn (C:\ProgramData\cocos\editors\Creator\3.8.4\resources\app.asar\node_modules\@sentry\src\instrument\console.ts:40:20)
    at warn (C:\ProgramData\cocos\editors\Creator\3.8.4\resources\resources\3d\engine\bin\.cache\dev\editor\bundled\index.js:154623:12)
    at warnID (C:\ProgramData\cocos\editors\Creator\3.8.4\resources\resources\3d\engine\bin\.cache\dev\editor\bundled\index.js:154811:5)
    at Node.destroy (C:\ProgramData\cocos\editors\Creator\3.8.4\resources\resources\3d\engine\bin\.cache\dev\editor\bundled\index.js:136802:13)
    at Node.destroy (C:\ProgramData\cocos\editors\Creator\3.8.4\resources\resources\3d\engine\bin\.cache\dev\editor\bundled\index.js:45052:21)
    at MiniPreview.clearByComponent (C:\ProgramData\cocos\editors\Creator\3.8.4\resources\app.asar\builtin\scene\dist\script\3d\manager\mini-preview\index.ccc:1:3572)
    at MiniPreview.createPreviewNode (C:\ProgramData\cocos\editors\Creator\3.8.4\resources\app.asar\builtin\scene\dist\script\3d\manager\mini-preview\index.ccc:1:3923)
    at MiniPreview.handleSelect (C:\ProgramData\cocos\editors\Creator\3.8.4\resources\app.asar\builtin\scene\dist\script\3d\manager\mini-preview\index.ccc:1:3164)
    at PreviewManager.callPreviewFunction (C:\ProgramData\cocos\editors\Creator\3.8.4\resources\app.asar\builtin\scene\dist\script\3d\manager\preview\index.ccc:1:2911)
    at SceneFacadeManager.callPreviewFunction (C:\ProgramData\cocos\editors\Creator\3.8.4\resources\app.asar\builtin\scene\dist\script\3d\facade\scene-facade-manager.ccc:1:27944)
    at step (C:\ProgramData\cocos\editors\Creator\3.8.4\resources\app.asar\builtin\scene\dist\script\3d\manager\ipc\web\ipc.ccc:1:732)
    at C:\ProgramData\cocos\editors\Creator\3.8.4\resources\app.asar\builtin\scene\dist\script\3d\manager\ipc\web\ipc.ccc:2:401
    at new Promise (<anonymous>)
    at C:\ProgramData\cocos\editors\Creator\3.8.4\resources\app.asar\builtin\scene\dist\script\3d\manager\ipc\web\ipc.ccc:2:338
    at EventEmitter.<anonymous> (C:\ProgramData\cocos\editors\Creator\3.8.4\resources\app.asar\builtin\scene\dist\script\3d\manager\ipc\web\webview.ccc:1:1004)
    at EventEmitter.emit (events.js:315:20)
    at Object.onMessage (electron/js2c/renderer_init.js:93:1117)
2026-3-17 23:46:40 - error: [Scene] Widget target must be one of the parent nodes of itError: [Scene] Widget target must be one of the parent nodes of it
    at console.error (C:\ProgramData\cocos\editors\Creator\3.8.4\resources\app.asar\node_modules\@sentry\src\instrument\console.ts:40:20)
    at error (C:\ProgramData\cocos\editors\Creator\3.8.4\resources\resources\3d\engine\bin\.cache\dev\editor\bundled\index.js:154636:12)
    at errorID (C:\ProgramData\cocos\editors\Creator\3.8.4\resources\resources\3d\engine\bin\.cache\dev\editor\bundled\index.js:154814:5)
    at Widget._validateTargetInDEV (C:\ProgramData\cocos\editors\Creator\3.8.4\resources\resources\3d\engine\bin\.cache\dev\editor\bundled\index.js:73276:15)
    at Widget.set target [as target] (C:\ProgramData\cocos\editors\Creator\3.8.4\resources\resources\3d\engine\bin\.cache\dev\editor\bundled\index.js:72804:16)
    at NodeDump.decode (C:\ProgramData\cocos\editors\Creator\3.8.4\resources\app.asar\builtin\scene\dist\script\export\dump\types\node-dump.ccc:1:351)
    at _decodeByType (C:\ProgramData\cocos\editors\Creator\3.8.4\resources\app.asar\builtin\scene\dist\script\export\dump\decode.ccc:1:4617)
    at decodePatch (C:\ProgramData\cocos\editors\Creator\3.8.4\resources\app.asar\builtin\scene\dist\script\export\dump\decode.ccc:1:6064)
    at DumpUtil.restoreProperty (C:\ProgramData\cocos\editors\Creator\3.8.4\resources\app.asar\builtin\scene\dist\script\export\dump\index.ccc:1:847)
    at NodeManager.setProperty (C:\ProgramData\cocos\editors\Creator\3.8.4\resources\app.asar\builtin\scene\dist\script\3d\manager\node\index.ccc:1:7996)
    at GeneralSceneFacade.setNodeProperty (C:\ProgramData\cocos\editors\Creator\3.8.4\resources\app.asar\builtin\scene\dist\script\3d\facade\general-scene-facade.ccc:1:7102)
    at SceneFacadeManager.setNodeProperty (C:\ProgramData\cocos\editors\Creator\3.8.4\resources\app.asar\builtin\scene\dist\script\3d\facade\scene-facade-manager.ccc:1:10605)
    at step (C:\ProgramData\cocos\editors\Creator\3.8.4\resources\app.asar\builtin\scene\dist\script\3d\manager\ipc\web\ipc.ccc:1:732)
    at C:\ProgramData\cocos\editors\Creator\3.8.4\resources\app.asar\builtin\scene\dist\script\3d\manager\ipc\web\ipc.ccc:2:401
    at new Promise (<anonymous>)
    at C:\ProgramData\cocos\editors\Creator\3.8.4\resources\app.asar\builtin\scene\dist\script\3d\manager\ipc\web\ipc.ccc:2:338
    at EventEmitter.<anonymous> (C:\ProgramData\cocos\editors\Creator\3.8.4\resources\app.asar\builtin\scene\dist\script\3d\manager\ipc\web\webview.ccc:1:1004)
    at EventEmitter.emit (events.js:315:20)
    at Object.onMessage (electron/js2c/renderer_init.js:93:1117)
2026-3-17 23:47:57 - error: [Scene] Widget target must be one of the parent nodes of itError: [Scene] Widget target must be one of the parent nodes of it
    at console.error (C:\ProgramData\cocos\editors\Creator\3.8.4\resources\app.asar\node_modules\@sentry\src\instrument\console.ts:40:20)
    at error (C:\ProgramData\cocos\editors\Creator\3.8.4\resources\resources\3d\engine\bin\.cache\dev\editor\bundled\index.js:154636:12)
    at errorID (C:\ProgramData\cocos\editors\Creator\3.8.4\resources\resources\3d\engine\bin\.cache\dev\editor\bundled\index.js:154814:5)
    at Widget._validateTargetInDEV (C:\ProgramData\cocos\editors\Creator\3.8.4\resources\resources\3d\engine\bin\.cache\dev\editor\bundled\index.js:73276:15)
    at Widget.set target [as target] (C:\ProgramData\cocos\editors\Creator\3.8.4\resources\resources\3d\engine\bin\.cache\dev\editor\bundled\index.js:72804:16)
    at NodeDump.decode (C:\ProgramData\cocos\editors\Creator\3.8.4\resources\app.asar\builtin\scene\dist\script\export\dump\types\node-dump.ccc:1:351)
    at _decodeByType (C:\ProgramData\cocos\editors\Creator\3.8.4\resources\app.asar\builtin\scene\dist\script\export\dump\decode.ccc:1:4617)
    at decodePatch (C:\ProgramData\cocos\editors\Creator\3.8.4\resources\app.asar\builtin\scene\dist\script\export\dump\decode.ccc:1:6064)
    at DumpUtil.restoreProperty (C:\ProgramData\cocos\editors\Creator\3.8.4\resources\app.asar\builtin\scene\dist\script\export\dump\index.ccc:1:847)
    at NodeManager.setProperty (C:\ProgramData\cocos\editors\Creator\3.8.4\resources\app.asar\builtin\scene\dist\script\3d\manager\node\index.ccc:1:7996)
    at GeneralSceneFacade.setNodeProperty (C:\ProgramData\cocos\editors\Creator\3.8.4\resources\app.asar\builtin\scene\dist\script\3d\facade\general-scene-facade.ccc:1:7102)
    at SceneFacadeManager.setNodeProperty (C:\ProgramData\cocos\editors\Creator\3.8.4\resources\app.asar\builtin\scene\dist\script\3d\facade\scene-facade-manager.ccc:1:10605)
    at step (C:\ProgramData\cocos\editors\Creator\3.8.4\resources\app.asar\builtin\scene\dist\script\3d\manager\ipc\web\ipc.ccc:1:732)
    at C:\ProgramData\cocos\editors\Creator\3.8.4\resources\app.asar\builtin\scene\dist\script\3d\manager\ipc\web\ipc.ccc:2:401
    at new Promise (<anonymous>)
    at C:\ProgramData\cocos\editors\Creator\3.8.4\resources\app.asar\builtin\scene\dist\script\3d\manager\ipc\web\ipc.ccc:2:338
    at EventEmitter.<anonymous> (C:\ProgramData\cocos\editors\Creator\3.8.4\resources\app.asar\builtin\scene\dist\script\3d\manager\ipc\web\webview.ccc:1:1004)
    at EventEmitter.emit (events.js:315:20)
    at Object.onMessage (electron/js2c/renderer_init.js:93:1117)
2026-3-17 23:51:43 - warn: [Scene] You are trying to destroy a object twice or more.Error: [Scene] You are trying to destroy a object twice or more.
    at console.warn (C:\ProgramData\cocos\editors\Creator\3.8.4\resources\app.asar\node_modules\@sentry\src\instrument\console.ts:40:20)
    at warn (C:\ProgramData\cocos\editors\Creator\3.8.4\resources\resources\3d\engine\bin\.cache\dev\editor\bundled\index.js:154623:12)
    at warnID (C:\ProgramData\cocos\editors\Creator\3.8.4\resources\resources\3d\engine\bin\.cache\dev\editor\bundled\index.js:154811:5)
    at Node.destroy (C:\ProgramData\cocos\editors\Creator\3.8.4\resources\resources\3d\engine\bin\.cache\dev\editor\bundled\index.js:136802:13)
    at Node.destroy (C:\ProgramData\cocos\editors\Creator\3.8.4\resources\resources\3d\engine\bin\.cache\dev\editor\bundled\index.js:45052:21)
    at MiniPreview.clearByComponent (C:\ProgramData\cocos\editors\Creator\3.8.4\resources\app.asar\builtin\scene\dist\script\3d\manager\mini-preview\index.ccc:1:3572)
    at MiniPreview.createPreviewNode (C:\ProgramData\cocos\editors\Creator\3.8.4\resources\app.asar\builtin\scene\dist\script\3d\manager\mini-preview\index.ccc:1:3923)
    at MiniPreview.handleSelect (C:\ProgramData\cocos\editors\Creator\3.8.4\resources\app.asar\builtin\scene\dist\script\3d\manager\mini-preview\index.ccc:1:3164)
    at PreviewManager.callPreviewFunction (C:\ProgramData\cocos\editors\Creator\3.8.4\resources\app.asar\builtin\scene\dist\script\3d\manager\preview\index.ccc:1:2911)
    at SceneFacadeManager.callPreviewFunction (C:\ProgramData\cocos\editors\Creator\3.8.4\resources\app.asar\builtin\scene\dist\script\3d\facade\scene-facade-manager.ccc:1:27944)
    at step (C:\ProgramData\cocos\editors\Creator\3.8.4\resources\app.asar\builtin\scene\dist\script\3d\manager\ipc\web\ipc.ccc:1:732)
    at C:\ProgramData\cocos\editors\Creator\3.8.4\resources\app.asar\builtin\scene\dist\script\3d\manager\ipc\web\ipc.ccc:2:401
    at new Promise (<anonymous>)
    at C:\ProgramData\cocos\editors\Creator\3.8.4\resources\app.asar\builtin\scene\dist\script\3d\manager\ipc\web\ipc.ccc:2:338
    at EventEmitter.<anonymous> (C:\ProgramData\cocos\editors\Creator\3.8.4\resources\app.asar\builtin\scene\dist\script\3d\manager\ipc\web\webview.ccc:1:1004)
    at EventEmitter.emit (events.js:315:20)
    at Object.onMessage (electron/js2c/renderer_init.js:93:1117)
2026-3-17 23:54:38 - log: [Scene] Illegal constructorTypeError: Illegal constructor
    at updatePropertyFromNull (C:\ProgramData\cocos\editors\Creator\3.8.4\resources\app.asar\builtin\scene\dist\script\export\dump\decode.ccc:1:8396)
    at DumpUtil.updatePropertyFromNull (C:\ProgramData\cocos\editors\Creator\3.8.4\resources\app.asar\builtin\scene\dist\script\export\dump\index.ccc:1:1084)
    at NodeManager.updatePropertyFromNull (C:\ProgramData\cocos\editors\Creator\3.8.4\resources\app.asar\builtin\scene\dist\script\3d\manager\node\index.ccc:1:8917)
    at GeneralSceneFacade.updateNodePropertyFromNull (C:\ProgramData\cocos\editors\Creator\3.8.4\resources\app.asar\builtin\scene\dist\script\3d\facade\general-scene-facade.ccc:1:7323)
    at SceneFacadeManager.updateNodePropertyFromNull (C:\ProgramData\cocos\editors\Creator\3.8.4\resources\app.asar\builtin\scene\dist\script\3d\facade\scene-facade-manager.ccc:1:11048)
    at step (C:\ProgramData\cocos\editors\Creator\3.8.4\resources\app.asar\builtin\scene\dist\script\3d\manager\ipc\web\ipc.ccc:1:732)
    at C:\ProgramData\cocos\editors\Creator\3.8.4\resources\app.asar\builtin\scene\dist\script\3d\manager\ipc\web\ipc.ccc:2:401
    at new Promise (<anonymous>)
    at C:\ProgramData\cocos\editors\Creator\3.8.4\resources\app.asar\builtin\scene\dist\script\3d\manager\ipc\web\ipc.ccc:2:338
    at EventEmitter.<anonymous> (C:\ProgramData\cocos\editors\Creator\3.8.4\resources\app.asar\builtin\scene\dist\script\3d\manager\ipc\web\webview.ccc:1:1004)
    at EventEmitter.emit (events.js:315:20)
    at Object.onMessage (electron/js2c/renderer_init.js:93:1117)
2026-3-17 23:54:38 - error: [Window] Illegal constructorTypeError: Illegal constructor
    at <process:scene>
    at updatePropertyFromNull (C:\ProgramData\cocos\editors\Creator\3.8.4\resources\app.asar\builtin\scene\dist\script\export\dump\decode.ccc:1:8396)
    at DumpUtil.updatePropertyFromNull (C:\ProgramData\cocos\editors\Creator\3.8.4\resources\app.asar\builtin\scene\dist\script\export\dump\index.ccc:1:1084)
    at NodeManager.updatePropertyFromNull (C:\ProgramData\cocos\editors\Creator\3.8.4\resources\app.asar\builtin\scene\dist\script\3d\manager\node\index.ccc:1:8917)
    at GeneralSceneFacade.updateNodePropertyFromNull (C:\ProgramData\cocos\editors\Creator\3.8.4\resources\app.asar\builtin\scene\dist\script\3d\facade\general-scene-facade.ccc:1:7323)
    at SceneFacadeManager.updateNodePropertyFromNull (C:\ProgramData\cocos\editors\Creator\3.8.4\resources\app.asar\builtin\scene\dist\script\3d\facade\scene-facade-manager.ccc:1:11048)
    at step (C:\ProgramData\cocos\editors\Creator\3.8.4\resources\app.asar\builtin\scene\dist\script\3d\manager\ipc\web\ipc.ccc:1:732)
    at C:\ProgramData\cocos\editors\Creator\3.8.4\resources\app.asar\builtin\scene\dist\script\3d\manager\ipc\web\ipc.ccc:2:401
    at new Promise (<anonymous>)
    at C:\ProgramData\cocos\editors\Creator\3.8.4\resources\app.asar\builtin\scene\dist\script\3d\manager\ipc\web\ipc.ccc:2:338
    at EventEmitter.<anonymous> (C:\ProgramData\cocos\editors\Creator\3.8.4\resources\app.asar\builtin\scene\dist\script\3d\manager\ipc\web\webview.ccc:1:1004)
    at EventEmitter.emit (events.js:315:20)
    at Object.onMessage (electron/js2c/renderer_init.js:93:1117)
2026-3-17 23:55:43 - log: [Scene] Illegal constructorTypeError: Illegal constructor
    at updatePropertyFromNull (C:\ProgramData\cocos\editors\Creator\3.8.4\resources\app.asar\builtin\scene\dist\script\export\dump\decode.ccc:1:8396)
    at DumpUtil.updatePropertyFromNull (C:\ProgramData\cocos\editors\Creator\3.8.4\resources\app.asar\builtin\scene\dist\script\export\dump\index.ccc:1:1084)
    at NodeManager.updatePropertyFromNull (C:\ProgramData\cocos\editors\Creator\3.8.4\resources\app.asar\builtin\scene\dist\script\3d\manager\node\index.ccc:1:8917)
    at GeneralSceneFacade.updateNodePropertyFromNull (C:\ProgramData\cocos\editors\Creator\3.8.4\resources\app.asar\builtin\scene\dist\script\3d\facade\general-scene-facade.ccc:1:7323)
    at SceneFacadeManager.updateNodePropertyFromNull (C:\ProgramData\cocos\editors\Creator\3.8.4\resources\app.asar\builtin\scene\dist\script\3d\facade\scene-facade-manager.ccc:1:11048)
    at step (C:\ProgramData\cocos\editors\Creator\3.8.4\resources\app.asar\builtin\scene\dist\script\3d\manager\ipc\web\ipc.ccc:1:732)
    at C:\ProgramData\cocos\editors\Creator\3.8.4\resources\app.asar\builtin\scene\dist\script\3d\manager\ipc\web\ipc.ccc:2:401
    at new Promise (<anonymous>)
    at C:\ProgramData\cocos\editors\Creator\3.8.4\resources\app.asar\builtin\scene\dist\script\3d\manager\ipc\web\ipc.ccc:2:338
    at EventEmitter.<anonymous> (C:\ProgramData\cocos\editors\Creator\3.8.4\resources\app.asar\builtin\scene\dist\script\3d\manager\ipc\web\webview.ccc:1:1004)
    at EventEmitter.emit (events.js:315:20)
    at Object.onMessage (electron/js2c/renderer_init.js:93:1117)
2026-3-17 23:55:43 - error: [Window] Illegal constructorTypeError: Illegal constructor
    at <process:scene>
    at updatePropertyFromNull (C:\ProgramData\cocos\editors\Creator\3.8.4\resources\app.asar\builtin\scene\dist\script\export\dump\decode.ccc:1:8396)
    at DumpUtil.updatePropertyFromNull (C:\ProgramData\cocos\editors\Creator\3.8.4\resources\app.asar\builtin\scene\dist\script\export\dump\index.ccc:1:1084)
    at NodeManager.updatePropertyFromNull (C:\ProgramData\cocos\editors\Creator\3.8.4\resources\app.asar\builtin\scene\dist\script\3d\manager\node\index.ccc:1:8917)
    at GeneralSceneFacade.updateNodePropertyFromNull (C:\ProgramData\cocos\editors\Creator\3.8.4\resources\app.asar\builtin\scene\dist\script\3d\facade\general-scene-facade.ccc:1:7323)
    at SceneFacadeManager.updateNodePropertyFromNull (C:\ProgramData\cocos\editors\Creator\3.8.4\resources\app.asar\builtin\scene\dist\script\3d\facade\scene-facade-manager.ccc:1:11048)
    at step (C:\ProgramData\cocos\editors\Creator\3.8.4\resources\app.asar\builtin\scene\dist\script\3d\manager\ipc\web\ipc.ccc:1:732)
    at C:\ProgramData\cocos\editors\Creator\3.8.4\resources\app.asar\builtin\scene\dist\script\3d\manager\ipc\web\ipc.ccc:2:401
    at new Promise (<anonymous>)
    at C:\ProgramData\cocos\editors\Creator\3.8.4\resources\app.asar\builtin\scene\dist\script\3d\manager\ipc\web\ipc.ccc:2:338
    at EventEmitter.<anonymous> (C:\ProgramData\cocos\editors\Creator\3.8.4\resources\app.asar\builtin\scene\dist\script\3d\manager\ipc\web\webview.ccc:1:1004)
    at EventEmitter.emit (events.js:315:20)
    at Object.onMessage (electron/js2c/renderer_init.js:93:1117)
2026-3-17 23:56:39 - warn: [Scene] You are trying to destroy a object twice or more.Error: [Scene] You are trying to destroy a object twice or more.
    at console.warn (C:\ProgramData\cocos\editors\Creator\3.8.4\resources\app.asar\node_modules\@sentry\src\instrument\console.ts:40:20)
    at warn (C:\ProgramData\cocos\editors\Creator\3.8.4\resources\resources\3d\engine\bin\.cache\dev\editor\bundled\index.js:154623:12)
    at warnID (C:\ProgramData\cocos\editors\Creator\3.8.4\resources\resources\3d\engine\bin\.cache\dev\editor\bundled\index.js:154811:5)
    at Node.destroy (C:\ProgramData\cocos\editors\Creator\3.8.4\resources\resources\3d\engine\bin\.cache\dev\editor\bundled\index.js:136802:13)
    at Node.destroy (C:\ProgramData\cocos\editors\Creator\3.8.4\resources\resources\3d\engine\bin\.cache\dev\editor\bundled\index.js:45052:21)
    at MiniPreview.clearByComponent (C:\ProgramData\cocos\editors\Creator\3.8.4\resources\app.asar\builtin\scene\dist\script\3d\manager\mini-preview\index.ccc:1:3572)
    at MiniPreview.createPreviewNode (C:\ProgramData\cocos\editors\Creator\3.8.4\resources\app.asar\builtin\scene\dist\script\3d\manager\mini-preview\index.ccc:1:3923)
    at MiniPreview.handleSelect (C:\ProgramData\cocos\editors\Creator\3.8.4\resources\app.asar\builtin\scene\dist\script\3d\manager\mini-preview\index.ccc:1:3164)
    at PreviewManager.callPreviewFunction (C:\ProgramData\cocos\editors\Creator\3.8.4\resources\app.asar\builtin\scene\dist\script\3d\manager\preview\index.ccc:1:2911)
    at SceneFacadeManager.callPreviewFunction (C:\ProgramData\cocos\editors\Creator\3.8.4\resources\app.asar\builtin\scene\dist\script\3d\facade\scene-facade-manager.ccc:1:27944)
    at step (C:\ProgramData\cocos\editors\Creator\3.8.4\resources\app.asar\builtin\scene\dist\script\3d\manager\ipc\web\ipc.ccc:1:732)
    at C:\ProgramData\cocos\editors\Creator\3.8.4\resources\app.asar\builtin\scene\dist\script\3d\manager\ipc\web\ipc.ccc:2:401
    at new Promise (<anonymous>)
    at C:\ProgramData\cocos\editors\Creator\3.8.4\resources\app.asar\builtin\scene\dist\script\3d\manager\ipc\web\ipc.ccc:2:338
    at EventEmitter.<anonymous> (C:\ProgramData\cocos\editors\Creator\3.8.4\resources\app.asar\builtin\scene\dist\script\3d\manager\ipc\web\webview.ccc:1:1004)
    at EventEmitter.emit (events.js:315:20)
    at Object.onMessage (electron/js2c/renderer_init.js:93:1117)
2026-3-18 00:01:59 - log: [Scene] meshopt wasm decoder initialized
2026-3-18 00:01:59 - log: [Scene] [box2d]:box2d wasm lib loaded.
2026-3-18 00:01:59 - log: [Scene] [bullet]:bullet wasm lib loaded.
2026-3-18 00:01:59 - log: [Scene] [PHYSICS]: using builtin.
2026-3-18 00:01:59 - log: [Scene] Cocos Creator v3.8.4
2026-3-18 00:01:59 - log: [Scene] Using custom pipeline: Builtin
2026-3-18 00:02:00 - log: [Scene] [PHYSICS2D]: switch from box2d-wasm to box2d.
2026-3-18 00:06:35 - warn: [Scene] You are trying to destroy a object twice or more.Error: [Scene] You are trying to destroy a object twice or more.
    at console.warn (C:\ProgramData\cocos\editors\Creator\3.8.4\resources\app.asar\node_modules\@sentry\src\instrument\console.ts:40:20)
    at warn (C:\ProgramData\cocos\editors\Creator\3.8.4\resources\resources\3d\engine\bin\.cache\dev\editor\bundled\index.js:154623:12)
    at warnID (C:\ProgramData\cocos\editors\Creator\3.8.4\resources\resources\3d\engine\bin\.cache\dev\editor\bundled\index.js:154811:5)
    at Node.destroy (C:\ProgramData\cocos\editors\Creator\3.8.4\resources\resources\3d\engine\bin\.cache\dev\editor\bundled\index.js:136802:13)
    at Node.destroy (C:\ProgramData\cocos\editors\Creator\3.8.4\resources\resources\3d\engine\bin\.cache\dev\editor\bundled\index.js:45052:21)
    at MiniPreview.clearByComponent (C:\ProgramData\cocos\editors\Creator\3.8.4\resources\app.asar\builtin\scene\dist\script\3d\manager\mini-preview\index.ccc:1:3572)
    at MiniPreview.removePreviewNode (C:\ProgramData\cocos\editors\Creator\3.8.4\resources\app.asar\builtin\scene\dist\script\3d\manager\mini-preview\index.ccc:1:3877)
    at MiniPreview.handleUnselect (C:\ProgramData\cocos\editors\Creator\3.8.4\resources\app.asar\builtin\scene\dist\script\3d\manager\mini-preview\index.ccc:1:3269)
    at PreviewManager.callPreviewFunction (C:\ProgramData\cocos\editors\Creator\3.8.4\resources\app.asar\builtin\scene\dist\script\3d\manager\preview\index.ccc:1:2911)
    at SceneFacadeManager.callPreviewFunction (C:\ProgramData\cocos\editors\Creator\3.8.4\resources\app.asar\builtin\scene\dist\script\3d\facade\scene-facade-manager.ccc:1:27944)
    at step (C:\ProgramData\cocos\editors\Creator\3.8.4\resources\app.asar\builtin\scene\dist\script\3d\manager\ipc\web\ipc.ccc:1:732)
    at C:\ProgramData\cocos\editors\Creator\3.8.4\resources\app.asar\builtin\scene\dist\script\3d\manager\ipc\web\ipc.ccc:2:401
    at new Promise (<anonymous>)
    at C:\ProgramData\cocos\editors\Creator\3.8.4\resources\app.asar\builtin\scene\dist\script\3d\manager\ipc\web\ipc.ccc:2:338
    at EventEmitter.<anonymous> (C:\ProgramData\cocos\editors\Creator\3.8.4\resources\app.asar\builtin\scene\dist\script\3d\manager\ipc\web\webview.ccc:1:1004)
    at EventEmitter.emit (events.js:315:20)
    at Object.onMessage (electron/js2c/renderer_init.js:93:1117)
