[1215/175419.272:WARNING:runtime_features.cc(728)] AttributionReportingCrossAppWeb cannot be enabled in this configuration. Use --enable-features=ConversionMeasurement,AttributionReportingCrossAppWeb in addition.
[1215/175419.497:WARNING:runtime_features.cc(728)] AttributionReportingCrossAppWeb cannot be enabled in this configuration. Use --enable-features=ConversionMeasurement,AttributionReportingCrossAppWeb in addition.
[1215/175420.144:INFO:CONSOLE(2)] "Webview->Extension: [object Object]", source: file:///C:/users/admin/appdata/local/microsoft/visualstudio/17.0_b7f52ac3/extensions/0efeigqy.xvv/WebView/Resources/autowork/chat.js (2)
[1215/175420.144:INFO:CONSOLE(2)] "Webview->Extension: [object Object]", source: file:///C:/users/admin/appdata/local/microsoft/visualstudio/17.0_b7f52ac3/extensions/0efeigqy.xvv/WebView/Resources/autowork/chat.js (2)
[1215/175420.146:INFO:CONSOLE(2)] "Webview->Extension: [object Object]", source: file:///C:/users/admin/appdata/local/microsoft/visualstudio/17.0_b7f52ac3/extensions/0efeigqy.xvv/WebView/Resources/autowork/chat.js (2)
[1215/175420.146:INFO:CONSOLE(2)] "Webview->Extension: [object Object]", source: file:///C:/users/admin/appdata/local/microsoft/visualstudio/17.0_b7f52ac3/extensions/0efeigqy.xvv/WebView/Resources/autowork/chat.js (2)
[1215/175420.146:INFO:CONSOLE(2)] "Webview->Extension: [object Object]", source: file:///C:/users/admin/appdata/local/microsoft/visualstudio/17.0_b7f52ac3/extensions/0efeigqy.xvv/WebView/Resources/autowork/chat.js (2)
[1215/175420.146:INFO:CONSOLE(2)] "Webview->Extension: [object Object]", source: file:///C:/users/admin/appdata/local/microsoft/visualstudio/17.0_b7f52ac3/extensions/0efeigqy.xvv/WebView/Resources/autowork/chat.js (2)
[1215/175420.146:INFO:CONSOLE(2)] "Webview->Extension: [object Object]", source: file:///C:/users/admin/appdata/local/microsoft/visualstudio/17.0_b7f52ac3/extensions/0efeigqy.xvv/WebView/Resources/autowork/chat.js (2)
[1215/175420.146:INFO:CONSOLE(2)] "Webview->Extension: [object Object]", source: file:///C:/users/admin/appdata/local/microsoft/visualstudio/17.0_b7f52ac3/extensions/0efeigqy.xvv/WebView/Resources/autowork/chat.js (2)
[1215/175420.146:INFO:CONSOLE(2)] "Webview->Extension: [object Object]", source: file:///C:/users/admin/appdata/local/microsoft/visualstudio/17.0_b7f52ac3/extensions/0efeigqy.xvv/WebView/Resources/autowork/chat.js (2)
[1215/175420.146:INFO:CONSOLE(2)] "Webview->Extension: [object Object]", source: file:///C:/users/admin/appdata/local/microsoft/visualstudio/17.0_b7f52ac3/extensions/0efeigqy.xvv/WebView/Resources/autowork/chat.js (2)
[1215/175420.146:INFO:CONSOLE(2)] "Webview->Extension: [object Object]", source: file:///C:/users/admin/appdata/local/microsoft/visualstudio/17.0_b7f52ac3/extensions/0efeigqy.xvv/WebView/Resources/autowork/chat.js (2)
[1215/175420.146:INFO:CONSOLE(2)] "Webview->Extension: [object Object]", source: file:///C:/users/admin/appdata/local/microsoft/visualstudio/17.0_b7f52ac3/extensions/0efeigqy.xvv/WebView/Resources/autowork/chat.js (2)
[1215/175420.146:INFO:CONSOLE(2)] "Webview->Extension: [object Object]", source: file:///C:/users/admin/appdata/local/microsoft/visualstudio/17.0_b7f52ac3/extensions/0efeigqy.xvv/WebView/Resources/autowork/chat.js (2)
[1215/175420.146:INFO:CONSOLE(2)] "Webview->Extension: [object Object]", source: file:///C:/users/admin/appdata/local/microsoft/visualstudio/17.0_b7f52ac3/extensions/0efeigqy.xvv/WebView/Resources/autowork/chat.js (2)
[1215/175420.146:INFO:CONSOLE(2)] "Webview->Extension: [object Object]", source: file:///C:/users/admin/appdata/local/microsoft/visualstudio/17.0_b7f52ac3/extensions/0efeigqy.xvv/WebView/Resources/autowork/chat.js (2)
[1215/175420.146:INFO:CONSOLE(2)] "Webview->Extension: [object Object]", source: file:///C:/users/admin/appdata/local/microsoft/visualstudio/17.0_b7f52ac3/extensions/0efeigqy.xvv/WebView/Resources/autowork/chat.js (2)
[1215/175420.147:INFO:CONSOLE(2)] "Webview->Extension: [object Object]", source: file:///C:/users/admin/appdata/local/microsoft/visualstudio/17.0_b7f52ac3/extensions/0efeigqy.xvv/WebView/Resources/autowork/chat.js (2)
[1215/175420.147:INFO:CONSOLE(2)] "Webview->Extension: [object Object]", source: file:///C:/users/admin/appdata/local/microsoft/visualstudio/17.0_b7f52ac3/extensions/0efeigqy.xvv/WebView/Resources/autowork/chat.js (2)
[1215/175420.393:INFO:CONSOLE(2)] "Extension->Webview(reply): {"username":"\u7AF9\u4E2D\u642C\u5175\u4E66","chineseName":"\u7AF9\u4E2D\u642C\u5175\u4E66","configUsername":"\u7AF9\u4E2D\u642C\u5175\u4E66"}", source: file:///C:/users/admin/appdata/local/microsoft/visualstudio/17.0_b7f52ac3/extensions/0efeigqy.xvv/WebView/Resources/autowork/chat.js (2)
[1215/175420.405:INFO:CONSOLE(2)] "Extension->Webview(reply): true", source: file:///C:/users/admin/appdata/local/microsoft/visualstudio/17.0_b7f52ac3/extensions/0efeigqy.xvv/WebView/Resources/autowork/chat.js (2)
[1215/175420.411:INFO:CONSOLE(2)] "Extension->Webview: [object Object]", source: file:///C:/users/admin/appdata/local/microsoft/visualstudio/17.0_b7f52ac3/extensions/0efeigqy.xvv/WebView/Resources/autowork/chat.js (2)
[1215/175420.503:INFO:CONSOLE(2)] "Extension->Webview(reply): {"vpcConfig":{"status":false,"endpoint":"","intranetDomain":"","intranetSubnets":[],"intranetErrorMsg":""},"features":{"enableUploadKnowledgeFromIDE":false,"customFeedbackURL":""},"key":"96771f3f-9014-4aa3-beca-807c9ae556c4","typeId":1,"type":"专业版","typeCode":"INDIVIDUAL","customizedUrl":"https://comate.baidu.com","customized":false}", source: file:///C:/users/admin/appdata/local/microsoft/visualstudio/17.0_b7f52ac3/extensions/0efeigqy.xvv/WebView/Resources/autowork/chat.js (2)
[1215/175420.505:INFO:CONSOLE(2)] "Extension->Webview: [object Object]", source: file:///C:/users/admin/appdata/local/microsoft/visualstudio/17.0_b7f52ac3/extensions/0efeigqy.xvv/WebView/Resources/autowork/chat.js (2)
[1215/175420.508:INFO:CONSOLE(2)] "Extension->Webview: [object Object]", source: file:///C:/users/admin/appdata/local/microsoft/visualstudio/17.0_b7f52ac3/extensions/0efeigqy.xvv/WebView/Resources/autowork/chat.js (2)
[1215/175420.508:INFO:CONSOLE(2)] "Extension->Webview: [object Object]", source: file:///C:/users/admin/appdata/local/microsoft/visualstudio/17.0_b7f52ac3/extensions/0efeigqy.xvv/WebView/Resources/autowork/chat.js (2)
[1215/175420.510:INFO:CONSOLE(2)] "Extension->Webview: [object Object]", source: file:///C:/users/admin/appdata/local/microsoft/visualstudio/17.0_b7f52ac3/extensions/0efeigqy.xvv/WebView/Resources/autowork/chat.js (2)
